// Jest Snapshot v1, https://goo.gl/fbAQLP

exports[`SearchResults renders correctly 1`] = `
<DocumentFragment>
  <div
    class="images"
  >
    <img
      alt="spaceImage"
      class="card-image"
      src="pluto"
    />
    <img
      alt="spaceImage"
      class="card-image"
      src="venus"
    />
  </div>
</DocumentFragment>
`;
